✔ [872/882] Built Mathlib.Algebra.Ring.Action.Group (2.2s)
✔ [873/884] Built Mathlib.Data.Nat.Cast.Order.Basic (4.0s)
✔ [874/884] Built Mathlib.Data.Int.CharZero (2.5s)
✔ [875/887] Built Mathlib.Data.Set.Finite.Basic (7.2s)
✔ [876/888] Built Mathlib.Algebra.Module.Submodule.EqLocus (3.9s)
✔ [877/888] Built Mathlib.RingTheory.NonUnitalSubsemiring.Basic (9.9s)
✔ [878/888] Built Mathlib.Algebra.NoZeroSMulDivisors.Basic (3.9s)
✔ [879/889] Built Mathlib.Algebra.Group.Action.Pointwise.Set.Basic (8.5s)
✔ [880/891] Built Mathlib.Algebra.Module.Submodule.Range (9.3s)
✔ [881/891] Built Mathlib.Data.Set.Monotone (3.0s)
✔ [882/891] Built Mathlib.Order.Antisymmetrization (5.6s)
✔ [883/893] Built Mathlib.LinearAlgebra.Span.Defs (12s)
✔ [884/896] Built Mathlib.Data.Set.Order (3.0s)
✔ [885/896] Built Mathlib.Algebra.Module.Submodule.Equiv (10s)
✔ [886/901] Built Mathlib.Algebra.Ring.Subsemiring.Basic (14s)
✔ [887/901] Built Mathlib.Order.Hom.WithTopBot (5.8s)
✔ [888/903] Built Mathlib.Order.Interval.Set.Image (4.9s)
✔ [889/903] Built Mathlib.Order.Preorder.Chain (5.9s)
✔ [890/905] Built Mathlib.Order.Interval.Set.WithBotTop (7.8s)
✔ [891/907] Built Mathlib.Order.LatticeIntervals (11s)
✔ [893/908] Built Mathlib.Order.Antichain (7.2s)
✔ [894/909] Built Mathlib.Order.Interval.Set.LinearOrder (19s)
✔ [895/909] Built Mathlib.Data.Set.Accumulate (2.6s)
✔ [896/909] Built Mathlib.Algebra.Ring.Subring.Basic (22s)
✔ [897/910] Built Mathlib.Order.ConditionallyCompleteLattice.Indexed (9.1s)
✔ [898/920] Built Mathlib.Data.Finset.Max (10s)
✔ [902/921] Built Mathlib.Order.Interval.Set.UnorderedInterval (9.2s)
✔ [903/921] Built Mathlib.Data.Finset.Lattice.Union (4.5s)
✔ [904/921] Built Mathlib.Order.Interval.Set.OrderEmbedding (3.5s)
✔ [906/921] Built Mathlib.Data.List.Sublists (4.7s)
✔ [907/924] Built Mathlib.Data.Set.Pairwise.Lattice (4.4s)
✔ [908/924] Built Mathlib.Algebra.Algebra.Basic (13s)
✔ [909/925] Built Mathlib.Order.Interval.Set.OrdConnected (3.7s)
✔ [910/925] Built Mathlib.Data.Multiset.Powerset (4.2s)
✔ [911/925] Built Mathlib.Data.Multiset.Pi (3.7s)
✔ [912/930] Built Mathlib.Logic.Function.DependsOn (3.1s)
✔ [913/932] Built Mathlib.Data.Finset.Powerset (5.5s)
✔ [914/932] Built Mathlib.Order.Cover (7.4s)
✔ [915/932] Built Mathlib.Data.Set.Sigma (8.6s)
✔ [916/932] Built Mathlib.Algebra.Algebra.Hom (10s)
✔ [917/932] Built Mathlib.Data.Finset.Pi (4.3s)
✔ [918/932] Built Mathlib.Data.Finset.Option (3.3s)
✔ [919/938] Built Mathlib.Data.Set.Finite.Powerset (2.5s)
✔ [920/938] Built Mathlib.Order.CompleteLattice.Finset (4.3s)
✔ [921/938] Built Mathlib.Order.ModularLattice (6.3s)
✔ [922/938] Built Mathlib.Order.SuccPred.Basic (15s)
✔ [923/939] Built Mathlib.Data.Set.Finite.Lattice (10s)
✔ [924/939] Built Mathlib.Order.Minimal (9.8s)
✔ [925/939] Built Mathlib.Data.Finset.Sigma (4.6s)
✔ [926/940] Built Mathlib.Algebra.Algebra.Equiv (21s)
✔ [927/940] Built Mathlib.Order.Interval.Set.SuccPred (6.2s)
✔ [928/940] Built Mathlib.Order.ConditionallyCompleteLattice.Finset (6.7s)
✔ [929/940] Built Mathlib.Order.Preorder.Finite (4.1s)
✔ [930/950] Built Mathlib.Data.List.MinMax (6.7s)
✔ [936/955] Built Mathlib.Data.Nat.Order.Lemmas (2.8s)
✔ [939/957] Built Mathlib.Data.Finset.Preimage (4.7s)
✔ [940/957] Built Mathlib.Order.Atoms (15s)
✔ [941/957] Built Mathlib.Data.Nat.Pairing (3.2s)
✔ [942/957] Built Mathlib.Logic.Embedding.Set (4.0s)
✔ [943/957] Built Mathlib.Data.Finset.Lattice.Prod (4.1s)
✔ [944/959] Built Mathlib.Logic.Equiv.Nat (2.8s)
✔ [945/959] Built Mathlib.Order.Closure (5.6s)
✔ [946/961] Built Mathlib.Order.RelIso.Set (2.8s)
✔ [947/961] Built Mathlib.Data.Set.Pairwise.List (2.2s)
✔ [948/963] Built Mathlib.Logic.Encodable.Basic (4.0s)
✔ [949/964] Built Mathlib.Order.Interval.Finset.Defs (12s)
✔ [950/964] Built Mathlib.Data.Finset.Pairwise (3.4s)
✔ [951/965] Built Mathlib.Order.CompleteLatticeIntervals (6.3s)
✔ [952/965] Built Mathlib.Order.CompleteLattice.Chain (2.6s)
✔ [953/965] Built Mathlib.Logic.Denumerable (5.1s)
✔ [954/967] Built Mathlib.Order.SupClosed (11s)
✔ [955/967] Built Mathlib.Data.Finset.Order (3.1s)
✔ [956/967] Built Mathlib.Order.Interval.Finset.SuccPred (8.5s)
✔ [957/967] Built Mathlib.Order.SupIndep (7.1s)
✔ [958/969] Built Mathlib.Order.Interval.Set.OrderIso (4.3s)
✔ [960/976] Built Mathlib.Data.Finite.Set (2.3s)
✔ [961/976] Built Mathlib.Order.Zorn (3.2s)
✔ [962/981] Built Mathlib.Dynamics.FixedPoints.Basic (3.1s)
✔ [967/984] Built Mathlib.Order.ScottContinuity (2.5s)
✔ [969/986] Built Mathlib.Data.Part (8.7s)
✔ [970/986] Built Mathlib.Order.Interval.Finset.Basic (23s)
✔ [971/986] Built Mathlib.Algebra.Order.Monoid.NatCast (3.3s)
✔ [972/989] Built Mathlib.Order.Part (2.7s)
✔ [973/989] Built Mathlib.Algebra.Order.Group.Unbundled.Basic (13s)
✔ [974/989] Built Mathlib.Algebra.Order.Monoid.Unbundled.MinMax (3.5s)
✔ [975/989] Built Mathlib.Order.Interval.Multiset (4.1s)
✔ [976/989] Built Mathlib.Algebra.Order.GroupWithZero.Unbundled.Basic (15s)
✔ [977/992] Built Mathlib.Algebra.Order.Monoid.Defs (4.7s)
✔ [978/992] Built Mathlib.Order.OmegaCompletePartialOrder (9.8s)
✔ [979/994] Built Mathlib.Algebra.Order.Group.Defs (4.9s)
✔ [980/994] Built Mathlib.Order.Interval.Finset.Nat (7.3s)
✔ [981/997] Built Mathlib.Algebra.Order.Group.OrderIso (3.9s)
✔ [982/998] Built Mathlib.Algebra.Order.Monoid.Canonical.Defs (6.8s)
✔ [983/998] Built Mathlib.Data.Nat.Lattice (6.0s)
✔ [984/998] Built Mathlib.Algebra.Order.Group.Lattice (6.1s)
✔ [985/1000] Built Mathlib.Algebra.Order.Ring.Unbundled.Basic (15s)
✔ [986/1001] Built Mathlib.Algebra.Order.Group.Nat (2.6s)
✔ [987/1001] Built Mathlib.Algebra.Order.Group.Int (2.1s)
✔ [988/1001] Built Mathlib.Order.OrderIsoNat (4.0s)
✔ [989/1002] Built Mathlib.Algebra.Order.Monoid.Units (3.1s)
✔ [990/1002] Built Mathlib.Algebra.Order.Ring.Defs (6.8s)
✔ [991/1002] Built Mathlib.Algebra.Order.Group.Unbundled.Abs (8.0s)
✔ [992/1002] Built Mathlib.Algebra.Order.Monoid.Unbundled.WithTop (11s)
✔ [993/1007] Built Mathlib.Algebra.Order.Monoid.Basic (2.7s)
✔ [994/1011] Built Mathlib.Algebra.Order.Group.Units (2.0s)
✔ [995/1011] Built Mathlib.Algebra.Order.Monoid.OrderDual (1.9s)
✔ [997/1015] Built Mathlib.Algebra.Order.Monoid.WithTop (2.2s)
✔ [999/1016] Built Mathlib.Algebra.Order.Monoid.Unbundled.TypeTags (3.3s)
✔ [1001/1020] Built Mathlib.Algebra.Order.Sub.Basic (4.5s)
✔ [1003/1028] Built Mathlib.Algebra.Order.AddGroupWithTop (4.5s)
✔ [1010/1028] Built Mathlib.Order.CompactlyGenerated.Basic (8.0s)
✔ [1011/1028] Built Mathlib.Algebra.Order.Monoid.TypeTags (2.7s)
✔ [1012/1028] Built Mathlib.Algebra.GroupWithZero.Units.Lemmas (2.8s)
✔ [1013/1030] Built Mathlib.Algebra.Ring.Invertible (4.0s)
✔ [1014/1032] Built Mathlib.Algebra.Order.Group.Unbundled.Int (3.5s)
✔ [1015/1035] Built Mathlib.Algebra.Order.Nonneg.Basic (7.6s)
✔ [1017/1035] Built Mathlib.Algebra.Order.GroupWithZero.Canonical (14s)
✔ [1018/1035] Built Mathlib.Algebra.Field.Basic (9.3s)
✔ [1019/1037] Built Mathlib.LinearAlgebra.Span.Basic (16s)
✔ [1020/1037] Built Mathlib.Algebra.Order.Ring.Nat (2.3s)
✔ [1022/1037] Built Mathlib.Algebra.Order.Ring.Unbundled.Rat (7.3s)
✔ [1023/1039] Built Mathlib.Algebra.Ring.Rat (2.6s)
✔ [1025/1039] Built Mathlib.Data.Nat.Cast.Order.Ring (3.9s)
✔ [1027/1039] Built Mathlib.Data.NNRat.Defs (5.9s)
✔ [1028/1050] Built Mathlib.Tactic.CancelDenoms.Core (7.2s)
✔ [1029/1050] Built Mathlib.Algebra.Algebra.Tower (7.8s)
✔ [1031/1050] Built Mathlib.Tactic.Linarith.Lemmas (3.8s)
✔ [1032/1050] Built Mathlib.Algebra.GroupWithZero.Divisibility (3.0s)
✔ [1033/1050] Built Mathlib.Algebra.Field.Rat (3.3s)
✔ [1034/1051] Built Mathlib.Algebra.Group.Int.Even (3.8s)
✔ [1035/1059] Built Mathlib.Tactic.Algebraize (5.6s)
✔ [1042/1059] Built Mathlib.Tactic.Linarith.Datatypes (4.2s)
✔ [1043/1060] Built Mathlib.Tactic.NormNum.Pow (6.0s)
✔ [1044/1060] Built Mathlib.Algebra.Order.Invertible (2.4s)
✔ [1045/1060] Built Mathlib.Algebra.Order.Field.Defs (2.9s)
✔ [1046/1060] Built Mathlib.Algebra.Ring.Int.Parity (4.7s)
✔ [1047/1066] Built Mathlib.Tactic.Linarith.Parsing (3.8s)
✔ [1048/1066] Built Mathlib.Tactic.Linarith.Oracle.SimplexAlgorithm (3.9s)
✔ [1049/1066] Built Mathlib.Tactic.Linarith.Preprocessing (5.6s)
✔ [1050/1066] Built Mathlib.Data.Rat.Lemmas (4.6s)
✔ [1051/1066] Built Mathlib.Data.Int.GCD (4.6s)
✔ [1053/1077] Built Mathlib.Tactic.Linarith.Verification (4.4s)
✔ [1061/1113] Built Mathlib.Algebra.Order.Group.Abs (7.9s)
✔ [1071/1113] Built Mathlib.CategoryTheory.Functor.Basic (3.1s)
✔ [1072/1113] Built Mathlib.Algebra.Order.Ring.Int (3.3s)
✔ [1073/1156] Built Mathlib.Combinatorics.Quiver.Symmetric (2.8s)
✔ [1078/1158] Built Mathlib.Tactic.CategoryTheory.Reassoc (2.8s)
✔ [1079/1158] Built Mathlib.Data.Rat.Cast.Defs (6.1s)
✔ [1080/1158] Built Mathlib.Algebra.Group.Irreducible.Lemmas (2.8s)
✔ [1081/1158] Built Mathlib.Algebra.Order.Ring.Cast (4.9s)
✔ [1083/1158] Built Mathlib.Algebra.Prime.Defs (2.5s)
✔ [1084/1159] Built Mathlib.CategoryTheory.NatTrans (2.7s)
✔ [1085/1162] Built Mathlib.Algebra.Prime.Lemmas (3.6s)
✔ [1086/1162] Built Mathlib.Algebra.BigOperators.Group.Finset.Lemmas (2.0s)
✔ [1087/1164] Built Mathlib.CategoryTheory.Iso (6.3s)
✔ [1088/1165] Built Mathlib.Data.Rat.Cast.CharZero (4.4s)
✔ [1089/1165] Built Mathlib.Data.Finset.Piecewise (3.2s)
✔ [1090/1165] Built Mathlib.Algebra.BigOperators.GroupWithZero.Finset (3.3s)
✔ [1091/1165] Built Mathlib.Tactic.CategoryTheory.IsoReassoc (3.0s)
✔ [1092/1166] Built Mathlib.CategoryTheory.ObjectProperty.Basic (3.2s)
✔ [1093/1166] Built Mathlib.Algebra.GroupWithZero.Associated (7.3s)
✔ [1094/1166] Built Mathlib.CategoryTheory.Functor.Category (7.5s)
✔ [1095/1166] Built Mathlib.CategoryTheory.ObjectProperty.ClosedUnderIsomorphisms (2.3s)
✔ [1096/1166] Built Mathlib.Tactic.NormNum.Inv (4.8s)
✔ [1097/1166] Built Mathlib.Algebra.Notation.Indicator (5.0s)
✔ [1098/1166] Built Mathlib.Algebra.Notation.FiniteSupport (2.4s)
✔ [1099/1168] Built Mathlib.Algebra.BigOperators.Group.Finset.Piecewise (7.1s)
✔ [1100/1168] Built Mathlib.Tactic.NormNum.Eq (4.8s)
✔ [1101/1169] Built Mathlib.CategoryTheory.NatIso (7.4s)
✔ [1102/1169] Built Mathlib.Algebra.GroupWithZero.NonZeroDivisors (8.9s)
✔ [1103/1169] Built Mathlib.Algebra.Group.Indicator (4.4s)
✔ [1104/1173] Built Mathlib.Algebra.BigOperators.Pi (6.2s)
✔ [1105/1173] Built Mathlib.Algebra.Order.BigOperators.Group.List (6.1s)
✔ [1106/1173] Built Mathlib.CategoryTheory.Functor.Trifunctor (27s)
✔ [1107/1173] Built Mathlib.CategoryTheory.Functor.FullyFaithful (10s)
✔ [1108/1173] Built Mathlib.Tactic.NormNum.Ineq (15s)
✔ [1109/1174] Built Mathlib.Data.Multiset.OrderedMonoid (2.4s)
✔ [1110/1174] Built Mathlib.Algebra.BigOperators.Group.Finset.Sigma (4.0s)
✔ [1111/1174] Built Mathlib.Algebra.Order.BigOperators.Group.Multiset (5.4s)
✔ [1112/1174] Built Mathlib.CategoryTheory.InducedCategory (2.9s)
✔ [1113/1175] Built Mathlib.CategoryTheory.Bicategory.Basic (13s)
✔ [1114/1176] Built Mathlib.Tactic.CancelDenoms (2.3s)
✔ [1115/1176] Built Mathlib.Algebra.BigOperators.Option (2.4s)
✔ [1116/1176] Built Mathlib.Tactic.Ring.Basic (35s)
✔ [1117/1176] Built Mathlib.CategoryTheory.ObjectProperty.FullSubcategory (3.2s)
✔ [1118/1177] Built Mathlib.Tactic.CategoryTheory.BicategoricalComp (3.4s)
✔ [1119/1178] Built Mathlib.Data.Fintype.Option (2.0s)
✔ [1120/1178] Built Mathlib.Data.Fintype.Prod (2.9s)
✔ [1121/1178] Built Mathlib.Algebra.Order.BigOperators.Group.Finset (10s)
✔ [1122/1178] Built Mathlib.CategoryTheory.EssentialImage (4.1s)
✔ [1123/1178] Built Mathlib.Tactic.Linarith.Frontend (4.9s)
✔ [1124/1179] Built Mathlib.Data.Fintype.Sum (3.1s)
✔ [1125/1179] Built Mathlib.Tactic.CategoryTheory.Bicategory.Datatypes (10s)
✔ [1126/1179] Built Mathlib.Data.Fintype.Sigma (11s)
✔ [1127/1179] Built Mathlib.CategoryTheory.Whiskering (31s)
✔ [1128/1179] Built Mathlib.Tactic.Bound (4.5s)
✔ [1129/1180] Built Mathlib.Data.Fintype.Pi (4.4s)
✔ [1130/1180] Built Mathlib.Tactic.CategoryTheory.Bicategory.PureCoherence (6.0s)
✔ [1131/1188] Built Mathlib.CategoryTheory.Functor.ReflectsIso.Basic (2.5s)
✔ [1136/1188] Built Mathlib.Tactic.CategoryTheory.Bicategory.Normalize (10s)
✔ [1137/1189] Built Mathlib.Algebra.BigOperators.Finprod (22s)
✔ [1138/1189] Built Mathlib.Data.Vector.Basic (6.6s)
✔ [1139/1189] Built Mathlib.Algebra.BigOperators.Group.Finset.Pi (2.3s)
✔ [1140/1192] Built Mathlib.CategoryTheory.Equivalence (14s)
✔ [1141/1192] Built Mathlib.Algebra.BigOperators.GroupWithZero.Action (4.5s)
✔ [1143/1194] Built Mathlib.Tactic.CategoryTheory.Bicategory.Basic (5.9s)
✔ [1144/1196] Built Mathlib.Algebra.BigOperators.Ring.List (2.6s)
✔ [1145/1196] Built Mathlib.Data.Multiset.Antidiagonal (2.9s)
✔ [1146/1196] Built Mathlib.Data.Multiset.Sections (3.4s)
✔ [1147/1202] Built Mathlib.Data.Sym.Basic (6.6s)
✔ [1148/1202] Built Mathlib.Data.Fintype.Powerset (3.4s)
✔ [1149/1205] Built Mathlib.Data.Fintype.Vector (2.4s)
✔ [1150/1205] Built Mathlib.Algebra.BigOperators.Ring.Multiset (2.8s)
✔ [1151/1208] Built Mathlib.Data.Finsupp.Defs (4.8s)
✔ [1152/1208] Built Mathlib.Algebra.BigOperators.Group.Finset.Preimage (3.1s)
✔ [1153/1208] Built Mathlib.Data.Fintype.BigOperators (5.4s)
✔ [1154/1208] Built Mathlib.Data.Rat.BigOperators (3.1s)
✔ [1155/1214] Built Mathlib.CategoryTheory.Opposites (16s)
✔ [1156/1214] Built Mathlib.Algebra.BigOperators.Ring.Finset (6.9s)
✔ [1157/1214] Built Mathlib.Algebra.Module.BigOperators (4.7s)
✔ [1158/1214] Built Mathlib.Data.Finsupp.Single (5.6s)
✔ [1159/1214] Built Mathlib.CategoryTheory.Functor.Const (5.5s)
✔ [1160/1216] Built Mathlib.Data.Finsupp.Indicator (3.2s)
✔ [1161/1217] Built Mathlib.Algebra.Module.Basic (4.1s)
✔ [1162/1220] Built Mathlib.CategoryTheory.EqToHom (5.1s)
✔ [1163/1220] Built Mathlib.Algebra.Group.Pointwise.Set.ListOfFn (3.3s)
✔ [1164/1220] Built Mathlib.Data.Finite.Prod (4.6s)
✔ [1165/1220] Built Mathlib.CategoryTheory.Bicategory.Strict.Basic (2.8s)
✔ [1166/1220] Built Mathlib.Algebra.Group.Finsupp (8.9s)
✔ [1167/1222] Built Mathlib.CategoryTheory.Bicategory.Functor.Prelax (4.7s)
✔ [1168/1222] Built Mathlib.CategoryTheory.Products.Basic (12s)
✔ [1169/1222] Built Mathlib.Data.Finsupp.SMulWithZero (3.3s)
✔ [1170/1222] Built Mathlib.Algebra.Group.Pointwise.Set.Finite (4.9s)
✔ [1171/1222] Built Mathlib.Data.Finset.NAry (6.5s)
✔ [1172/1224] Built Mathlib.Data.Finsupp.Ext (2.8s)
✔ [1173/1226] Built Mathlib.Data.Nat.Prime.Defs (4.2s)
✔ [1174/1226] Built Mathlib.CategoryTheory.Pi.Basic (14s)
✔ [1175/1227] Built Mathlib.Algebra.BigOperators.Finsupp.Basic (11s)
✔ [1176/1227] Built Mathlib.Algebra.CharP.Defs (4.9s)
✔ [1177/1227] Built Mathlib.Algebra.Group.Pointwise.Finset.Basic (20s)
